// Jest Snapshot v1, https://goo.gl/fbAQLP

exports[`storefront returns nothing if no user is signed in 1`] = `
Object {
  "me": null,
}
`;

exports[`storefront returns nothing if no user is signed in 2`] = `
Array [
  [GraphQLError: Not authenticated as user.],
]
`;

exports[`storefront returns the signed in user 1`] = `
Object {
  "me": Object {
    "email": "example@example.com",
    "uid": "1",
  },
}
`;
