// Jest Snapshot v1, https://goo.gl/fbAQLP

exports[`PasswordForgotPage renders 1`] = `
<section
  className="ant-layout"
>
  <header>
    <Navigation />
  </header>
  <main
    className="Layout__StyledContent-c7co8e-0 bHHvoJ ant-layout-content"
  >
    <div
      className="PasswordForgot__Container-sc-1fvum35-0 blgzxS"
    >
      <div
        className="ant-card PasswordForgot__StyledCard-sc-1fvum35-1 bzOcal ant-card-bordered"
      >
        <div
          className="ant-card-head"
          style={Object {}}
        >
          <div
            className="ant-card-head-wrapper"
          >
            <div
              className="ant-card-head-title"
            >
              Reset your password
            </div>
          </div>
        </div>
        <div
          className="ant-card-body"
          style={Object {}}
        >
          <form
            className="ant-form ant-form-horizontal"
            onSubmit={[Function]}
          >
            <div
              className="ant-row ant-form-item Item__StyledFormItem-sc-13gzk8a-0 lhvvBo"
              style={Object {}}
            >
              <div
                className="ant-col ant-form-item-label ant-col-xs-24 ant-col-sm-6"
                style={Object {}}
              >
                <label
                  className="ant-form-item-required"
                  htmlFor="/password-forgot_email"
                  onClick={[Function]}
                  title="E-mail"
                >
                  E-mail
                </label>
              </div>
              <div
                className="ant-col ant-form-item-control-wrapper ant-col-xs-24 ant-col-sm-18"
                style={Object {}}
              >
                <div
                  className="ant-form-item-control"
                >
                  <span
                    className="ant-form-item-children"
                  >
                    <input
                      className="ant-input"
                      data-__field={
                        Object {
                          "name": "email",
                        }
                      }
                      data-__meta={
                        Object {
                          "name": "email",
                          "originalProps": Object {
                            "type": "text",
                          },
                          "ref": null,
                          "rules": Array [
                            Object {
                              "message": "The input is not valid E-mail!",
                              "type": "email",
                            },
                            Object {
                              "message": "Please input your E-mail!",
                              "required": true,
                            },
                          ],
                          "trigger": "onChange",
                          "validate": Array [
                            Object {
                              "rules": Array [
                                Object {
                                  "message": "The input is not valid E-mail!",
                                  "type": "email",
                                },
                                Object {
                                  "message": "Please input your E-mail!",
                                  "required": true,
                                },
                              ],
                              "trigger": Array [
                                "onBlur",
                              ],
                            },
                          ],
                          "validateFirst": true,
                          "validateTrigger": "onBlur",
                          "valuePropName": "value",
                        }
                      }
                      id="/password-forgot_email"
                      onBlur={[Function]}
                      onChange={[Function]}
                      onKeyDown={[Function]}
                      type="text"
                      value=""
                    />
                  </span>
                </div>
              </div>
            </div>
            <div
              className="ant-row ant-form-item Item__StyledFormItem-sc-13gzk8a-0 lhvvBo"
              style={Object {}}
            >
              <div
                className="ant-col ant-form-item-control-wrapper ant-col-sm-24"
                style={Object {}}
              >
                <div
                  className="ant-form-item-control"
                >
                  <span
                    className="ant-form-item-children"
                  >
                    <button
                      className="ant-btn StretchedButton-sc-1skj5p1-0 gqwrSP ant-btn-primary"
                      onClick={[Function]}
                      type="submit"
                    >
                      <span>
                        Reset Password
                      </span>
                    </button>
                  </span>
                </div>
              </div>
            </div>
          </form>
        </div>
      </div>
    </div>
  </main>
  <footer
    className="Layout__StyledFooter-c7co8e-1 klwLpk ant-layout-footer"
  >
    ©2020 Created by
     
    <a
      href="https://www.robinwieruch.de/"
    >
      Robin Wieruch
    </a>
  </footer>
</section>
`;
